// Vitest Snapshot v1, https://vitest.dev/guide/snapshot.html

exports[`Stencil Expando Repro > should verify toHaveTextContent behavior 1`] = `
{
  "__hasHostListenerAttached": true,
  "__reactFiber$ipvb39olvx": FiberNode {
    "_debugHookTypes": null,
    "_debugInfo": null,
    "_debugNeedsRemount": false,
    "_debugOwner": FiberNode {
      "_debugHookTypes": null,
      "_debugInfo": null,
      "_debugNeedsRemount": false,
      "_debugOwner": FiberNode {
        "_debugHookTypes": null,
        "_debugInfo": null,
        "_debugNeedsRemount": false,
        "_debugOwner": null,
        "_debugStack": [Error: react-stack-top-frame],
        "_debugTask": null,
        "actualDuration": 3.1931660000000193,
        "actualStartTime": 1517.468541,
        "alternate": null,
        "child": [Circular],
        "childLanes": 0,
        "deletions": null,
        "dependencies": null,
        "elementType": {
          "$$typeof": Symbol(react.forward_ref),
          "render": [Function],
        },
        "flags": 67108865,
        "index": 0,
        "key": null,
        "lanes": 0,
        "memoizedProps": {
          "children": "Test",
        },
        "memoizedState": null,
        "mode": 3,
        "pendingProps": {
          "children": "Test",
        },
        "ref": null,
        "refCleanup": null,
        "return": FiberNode {
          "_debugHookTypes": null,
          "_debugInfo": null,
          "_debugNeedsRemount": false,
          "_debugOwner": null,
          "_debugStack": null,
          "_debugTask": null,
          "actualDuration": 4.04912400000012,
          "actualStartTime": 1516.633833,
          "alternate": FiberNode {
            "_debugHookTypes": null,
            "_debugInfo": null,
            "_debugNeedsRemount": false,
            "_debugOwner": null,
            "_debugStack": null,
            "_debugTask": null,
            "actualDuration": -0,
            "actualStartTime": -1.1,
            "alternate": [Circular],
            "child": null,
            "childLanes": 0,
            "deletions": null,
            "dependencies": null,
            "elementType": null,
            "flags": 0,
            "index": 0,
            "key": null,
            "lanes": 32,
            "memoizedProps": null,
            "memoizedState": {
              "cache": {
                "controller": AbortController {
                  Symbol(SameObject caches): {
                    "signal": AbortSignal {},
                  },
                },
                "data": Map {},
                "refCount": 1,
              },
              "element": null,
              "isDehydrated": false,
            },
            "mode": 3,
            "pendingProps": null,
            "ref": null,
            "refCleanup": null,
            "return": null,
            "selfBaseDuration": -0,
            "sibling": null,
            "stateNode": FiberRootNode {
              "_debugRootType": "createRoot()",
              "callbackNode": null,
              "callbackPriority": 0,
              "cancelPendingCommit": null,
              "containerInfo": <div>
                [Circular]
              </div>,
              "context": {},
              "current": [Circular],
              "effectDuration": 0,
              "entangledLanes": 0,
              "entanglements": [
                0,
                0,
                0,
                0,
                0,
                0,
                0,
                0,
                0,
                0,
                0,
                0,
                0,
                0,
                0,
                0,
                0,
                0,
                0,
                0,
                0,
                0,
                0,
                0,
                0,
                0,
                0,
                0,
                0,
                0,
                0,
              ],
              "errorRecoveryDisabledLanes": 0,
              "expirationTimes": [
                -1,
                -1,
                -1,
                -1,
                -1,
                -1,
                -1,
                -1,
                -1,
                -1,
                -1,
                -1,
                -1,
                -1,
                -1,
                -1,
                -1,
                -1,
                -1,
                -1,
                -1,
                -1,
                -1,
                -1,
                -1,
                -1,
                -1,
                -1,
                -1,
                -1,
                -1,
              ],
              "expiredLanes": 0,
              "formState": null,
              "hiddenUpdates": [
                null,
                null,
                null,
                null,
                null,
                null,
                null,
                null,
                null,
                null,
                null,
                null,
                null,
                null,
                null,
                null,
                null,
                null,
                null,
                null,
                null,
                null,
                null,
                null,
                null,
                null,
                null,
                null,
                null,
                null,
                null,
              ],
              "identifierPrefix": "",
              "incompleteTransitions": Map {},
              "memoizedUpdaters": Set {},
              "next": null,
              "onCaughtError": [Function],
              "onRecoverableError": [Function],
              "onUncaughtError": [Function],
              "passiveEffectDuration": 0,
              "pendingChildren": null,
              "pendingContext": null,
              "pendingLanes": 0,
              "pendingUpdatersLaneMap": [
                Set {},
                Set {},
                Set {},
                Set {},
                Set {},
                Set {},
                Set {},
                Set {},
                Set {},
                Set {},
                Set {},
                Set {},
                Set {},
                Set {},
                Set {},
                Set {},
                Set {},
                Set {},
                Set {},
                Set {},
                Set {},
                Set {},
                Set {},
                Set {},
                Set {},
                Set {},
                Set {},
                Set {},
                Set {},
                Set {},
                Set {},
              ],
              "pingCache": null,
              "pingedLanes": 0,
              "pooledCache": null,
              "pooledCacheLanes": 0,
              "shellSuspendCounter": 0,
              "suspendedLanes": 0,
              "tag": 1,
              "timeoutHandle": -1,
              "warmLanes": 0,
            },
            "subtreeFlags": 0,
            "tag": 3,
            "treeBaseDuration": -0,
            "type": null,
            "updateQueue": {
              "baseState": {
                "cache": {
                  "controller": AbortController {
                    Symbol(SameObject caches): {
                      "signal": AbortSignal {},
                    },
                  },
                  "data": Map {},
                  "refCount": 1,
                },
                "element": null,
                "isDehydrated": false,
              },
              "callbacks": null,
              "firstBaseUpdate": {
                "callback": null,
                "lane": 32,
                "next": null,
                "payload": {
                  "element": {
                    "$$typeof": Symbol(react.transitional.element),
                    "_owner": null,
                    "_store": {},
                    "key": null,
                    "props": {
                      "children": "Test",
                    },
                    "type": {
                      "$$typeof": Symbol(react.forward_ref),
                      "render": [Function],
                    },
                  },
                },
                "tag": 0,
              },
              "lastBaseUpdate": {
                "callback": null,
                "lane": 32,
                "next": null,
                "payload": {
                  "element": {
                    "$$typeof": Symbol(react.transitional.element),
                    "_owner": null,
                    "_store": {},
                    "key": null,
                    "props": {
                      "children": "Test",
                    },
                    "type": {
                      "$$typeof": Symbol(react.forward_ref),
                      "render": [Function],
                    },
                  },
                },
                "tag": 0,
              },
              "shared": {
                "hiddenCallbacks": null,
                "lanes": 0,
                "pending": null,
              },
            },
          },
          "child": [Circular],
          "childLanes": 0,
          "deletions": null,
          "dependencies": null,
          "elementType": null,
          "flags": 1024,
          "index": 0,
          "key": null,
          "lanes": 0,
          "memoizedProps": null,
          "memoizedState": {
            "cache": {
              "controller": AbortController {
                Symbol(SameObject caches): {
                  "signal": AbortSignal {},
                },
              },
              "data": Map {},
              "refCount": 1,
            },
            "element": {
              "$$typeof": Symbol(react.transitional.element),
              "_owner": null,
              "_store": {},
              "key": null,
              "props": {
                "children": "Test",
              },
              "type": {
                "$$typeof": Symbol(react.forward_ref),
                "render": [Function],
              },
            },
            "isDehydrated": false,
          },
          "mode": 3,
          "pendingProps": null,
          "ref": null,
          "refCleanup": null,
          "return": null,
          "selfBaseDuration": 0.8329169999999522,
          "sibling": null,
          "stateNode": FiberRootNode {
            "_debugRootType": "createRoot()",
            "callbackNode": null,
            "callbackPriority": 0,
            "cancelPendingCommit": null,
            "containerInfo": <div>
              [Circular]
            </div>,
            "context": {},
            "current": [Circular],
            "effectDuration": 0,
            "entangledLanes": 0,
            "entanglements": [
              0,
              0,
              0,
              0,
              0,
              0,
              0,
              0,
              0,
              0,
              0,
              0,
              0,
              0,
              0,
              0,
              0,
              0,
              0,
              0,
              0,
              0,
              0,
              0,
              0,
              0,
              0,
              0,
              0,
              0,
              0,
            ],
            "errorRecoveryDisabledLanes": 0,
            "expirationTimes": [
              -1,
              -1,
              -1,
              -1,
              -1,
              -1,
              -1,
              -1,
              -1,
              -1,
              -1,
              -1,
              -1,
              -1,
              -1,
              -1,
              -1,
              -1,
              -1,
              -1,
              -1,
              -1,
              -1,
              -1,
              -1,
              -1,
              -1,
              -1,
              -1,
              -1,
              -1,
            ],
            "expiredLanes": 0,
            "formState": null,
            "hiddenUpdates": [
              null,
              null,
              null,
              null,
              null,
              null,
              null,
              null,
              null,
              null,
              null,
              null,
              null,
              null,
              null,
              null,
              null,
              null,
              null,
              null,
              null,
              null,
              null,
              null,
              null,
              null,
              null,
              null,
              null,
              null,
              null,
            ],
            "identifierPrefix": "",
            "incompleteTransitions": Map {},
            "memoizedUpdaters": Set {},
            "next": null,
            "onCaughtError": [Function],
            "onRecoverableError": [Function],
            "onUncaughtError": [Function],
            "passiveEffectDuration": 0,
            "pendingChildren": null,
            "pendingContext": null,
            "pendingLanes": 0,
            "pendingUpdatersLaneMap": [
              Set {},
              Set {},
              Set {},
              Set {},
              Set {},
              Set {},
              Set {},
              Set {},
              Set {},
              Set {},
              Set {},
              Set {},
              Set {},
              Set {},
              Set {},
              Set {},
              Set {},
              Set {},
              Set {},
              Set {},
              Set {},
              Set {},
              Set {},
              Set {},
              Set {},
              Set {},
              Set {},
              Set {},
              Set {},
              Set {},
              Set {},
            ],
            "pingCache": null,
            "pingedLanes": 0,
            "pooledCache": null,
            "pooledCacheLanes": 0,
            "shellSuspendCounter": 0,
            "suspendedLanes": 0,
            "tag": 1,
            "timeoutHandle": -1,
            "warmLanes": 0,
          },
          "subtreeFlags": 71827975,
          "tag": 3,
          "treeBaseDuration": 1.8971659999997428,
          "type": null,
          "updateQueue": {
            "baseState": {
              "cache": {
                "controller": AbortController {
                  Symbol(SameObject caches): {
                    "signal": AbortSignal {},
                  },
                },
                "data": Map {},
                "refCount": 1,
              },
              "element": {
                "$$typeof": Symbol(react.transitional.element),
                "_owner": null,
                "_store": {},
                "key": null,
                "props": {
                  "children": "Test",
                },
                "type": {
                  "$$typeof": Symbol(react.forward_ref),
                  "render": [Function],
                },
              },
              "isDehydrated": false,
            },
            "callbacks": null,
            "firstBaseUpdate": null,
            "lastBaseUpdate": null,
            "shared": {
              "hiddenCallbacks": null,
              "lanes": 0,
              "pending": null,
            },
          },
        },
        "selfBaseDuration": 0.27424999999993815,
        "sibling": null,
        "stateNode": null,
        "subtreeFlags": 4719109,
        "tag": 11,
        "treeBaseDuration": 1.0642489999997906,
        "type": {
          "$$typeof": Symbol(react.forward_ref),
          "render": [Function],
        },
        "updateQueue": null,
      },
      "_debugStack": [Error: react-stack-top-frame],
      "_debugTask": null,
      "actualDuration": 2.9178329999999733,
      "actualStartTime": 1517.74375,
      "alternate": null,
      "child": [Circular],
      "childLanes": 0,
      "deletions": null,
      "dependencies": {
        "_debugThenableState": null,
        "firstContext": {
          "context": {
            "$$typeof": Symbol(react.context),
            "Consumer": {
              "$$typeof": Symbol(react.consumer),
              "_context": [Circular],
            },
            "Provider": [Circular],
            "_currentRenderer": null,
            "_currentRenderer2": null,
            "_currentValue": {
              "changeTab": [Function],
              "getIonRedirect": [Function],
              "getIonRoute": [Function],
              "getPageManager": [Function],
              "getStackManager": [Function],
              "goBack": [Function],
              "hasIonicRouter": [Function],
              "navigate": [Function],
              "resetTab": [Function],
              "routeInfo": undefined,
              "setCurrentTab": [Function],
            },
            "_currentValue2": {
              "changeTab": [Function],
              "getIonRedirect": [Function],
              "getIonRoute": [Function],
              "getPageManager": [Function],
              "getStackManager": [Function],
              "goBack": [Function],
              "hasIonicRouter": [Function],
              "navigate": [Function],
              "resetTab": [Function],
              "routeInfo": undefined,
              "setCurrentTab": [Function],
            },
            "_threadCount": 0,
          },
          "memoizedValue": {
            "changeTab": [Function],
            "getIonRedirect": [Function],
            "getIonRoute": [Function],
            "getPageManager": [Function],
            "getStackManager": [Function],
            "goBack": [Function],
            "hasIonicRouter": [Function],
            "navigate": [Function],
            "resetTab": [Function],
            "routeInfo": undefined,
            "setCurrentTab": [Function],
          },
          "next": {
            "context": {
              "$$typeof": Symbol(react.context),
              "Consumer": {
                "$$typeof": Symbol(react.consumer),
                "_context": [Circular],
              },
              "Provider": [Circular],
              "_currentRenderer": null,
              "_currentRenderer2": null,
              "_currentValue": {
                "changeTab": [Function],
                "getIonRedirect": [Function],
                "getIonRoute": [Function],
                "getPageManager": [Function],
                "getStackManager": [Function],
                "goBack": [Function],
                "hasIonicRouter": [Function],
                "navigate": [Function],
                "resetTab": [Function],
                "routeInfo": undefined,
                "setCurrentTab": [Function],
              },
              "_currentValue2": {
                "changeTab": [Function],
                "getIonRedirect": [Function],
                "getIonRoute": [Function],
                "getPageManager": [Function],
                "getStackManager": [Function],
                "goBack": [Function],
                "hasIonicRouter": [Function],
                "navigate": [Function],
                "resetTab": [Function],
                "routeInfo": undefined,
                "setCurrentTab": [Function],
              },
              "_threadCount": 0,
            },
            "memoizedValue": {
              "changeTab": [Function],
              "getIonRedirect": [Function],
              "getIonRoute": [Function],
              "getPageManager": [Function],
              "getStackManager": [Function],
              "goBack": [Function],
              "hasIonicRouter": [Function],
              "navigate": [Function],
              "resetTab": [Function],
              "routeInfo": undefined,
              "setCurrentTab": [Function],
            },
            "next": null,
          },
        },
        "lanes": 0,
      },
      "elementType": [Function],
      "flags": 4718597,
      "index": 0,
      "key": null,
      "lanes": 0,
      "memoizedProps": {
        "children": "Test",
        "forwardedRef": null,
      },
      "memoizedState": null,
      "mode": 3,
      "pendingProps": {
        "children": "Test",
        "forwardedRef": null,
      },
      "ref": null,
      "refCleanup": null,
      "return": FiberNode {
        "_debugHookTypes": null,
        "_debugInfo": null,
        "_debugNeedsRemount": false,
        "_debugOwner": null,
        "_debugStack": [Error: react-stack-top-frame],
        "_debugTask": null,
        "actualDuration": 3.1931660000000193,
        "actualStartTime": 1517.468541,
        "alternate": null,
        "child": [Circular],
        "childLanes": 0,
        "deletions": null,
        "dependencies": null,
        "elementType": {
          "$$typeof": Symbol(react.forward_ref),
          "render": [Function],
        },
        "flags": 67108865,
        "index": 0,
        "key": null,
        "lanes": 0,
        "memoizedProps": {
          "children": "Test",
        },
        "memoizedState": null,
        "mode": 3,
        "pendingProps": {
          "children": "Test",
        },
        "ref": null,
        "refCleanup": null,
        "return": FiberNode {
          "_debugHookTypes": null,
          "_debugInfo": null,
          "_debugNeedsRemount": false,
          "_debugOwner": null,
          "_debugStack": null,
          "_debugTask": null,
          "actualDuration": 4.04912400000012,
          "actualStartTime": 1516.633833,
          "alternate": FiberNode {
            "_debugHookTypes": null,
            "_debugInfo": null,
            "_debugNeedsRemount": false,
            "_debugOwner": null,
            "_debugStack": null,
            "_debugTask": null,
            "actualDuration": -0,
            "actualStartTime": -1.1,
            "alternate": [Circular],
            "child": null,
            "childLanes": 0,
            "deletions": null,
            "dependencies": null,
            "elementType": null,
            "flags": 0,
            "index": 0,
            "key": null,
            "lanes": 32,
            "memoizedProps": null,
            "memoizedState": {
              "cache": {
                "controller": AbortController {
                  Symbol(SameObject caches): {
                    "signal": AbortSignal {},
                  },
                },
                "data": Map {},
                "refCount": 1,
              },
              "element": null,
              "isDehydrated": false,
            },
            "mode": 3,
            "pendingProps": null,
            "ref": null,
            "refCleanup": null,
            "return": null,
            "selfBaseDuration": -0,
            "sibling": null,
            "stateNode": FiberRootNode {
              "_debugRootType": "createRoot()",
              "callbackNode": null,
              "callbackPriority": 0,
              "cancelPendingCommit": null,
              "containerInfo": <div>
                [Circular]
              </div>,
              "context": {},
              "current": [Circular],
              "effectDuration": 0,
              "entangledLanes": 0,
              "entanglements": [
                0,
                0,
                0,
                0,
                0,
                0,
                0,
                0,
                0,
                0,
                0,
                0,
                0,
                0,
                0,
                0,
                0,
                0,
                0,
                0,
                0,
                0,
                0,
                0,
                0,
                0,
                0,
                0,
                0,
                0,
                0,
              ],
              "errorRecoveryDisabledLanes": 0,
              "expirationTimes": [
                -1,
                -1,
                -1,
                -1,
                -1,
                -1,
                -1,
                -1,
                -1,
                -1,
                -1,
                -1,
                -1,
                -1,
                -1,
                -1,
                -1,
                -1,
                -1,
                -1,
                -1,
                -1,
                -1,
                -1,
                -1,
                -1,
                -1,
                -1,
                -1,
                -1,
                -1,
              ],
              "expiredLanes": 0,
              "formState": null,
              "hiddenUpdates": [
                null,
                null,
                null,
                null,
                null,
                null,
                null,
                null,
                null,
                null,
                null,
                null,
                null,
                null,
                null,
                null,
                null,
                null,
                null,
                null,
                null,
                null,
                null,
                null,
                null,
                null,
                null,
                null,
                null,
                null,
                null,
              ],
              "identifierPrefix": "",
              "incompleteTransitions": Map {},
              "memoizedUpdaters": Set {},
              "next": null,
              "onCaughtError": [Function],
              "onRecoverableError": [Function],
              "onUncaughtError": [Function],
              "passiveEffectDuration": 0,
              "pendingChildren": null,
              "pendingContext": null,
              "pendingLanes": 0,
              "pendingUpdatersLaneMap": [
                Set {},
                Set {},
                Set {},
                Set {},
                Set {},
                Set {},
                Set {},
                Set {},
                Set {},
                Set {},
                Set {},
                Set {},
                Set {},
                Set {},
                Set {},
                Set {},
                Set {},
                Set {},
                Set {},
                Set {},
                Set {},
                Set {},
                Set {},
                Set {},
                Set {},
                Set {},
                Set {},
                Set {},
                Set {},
                Set {},
                Set {},
              ],
              "pingCache": null,
              "pingedLanes": 0,
              "pooledCache": null,
              "pooledCacheLanes": 0,
              "shellSuspendCounter": 0,
              "suspendedLanes": 0,
              "tag": 1,
              "timeoutHandle": -1,
              "warmLanes": 0,
            },
            "subtreeFlags": 0,
            "tag": 3,
            "treeBaseDuration": -0,
            "type": null,
            "updateQueue": {
              "baseState": {
                "cache": {
                  "controller": AbortController {
                    Symbol(SameObject caches): {
                      "signal": AbortSignal {},
                    },
                  },
                  "data": Map {},
                  "refCount": 1,
                },
                "element": null,
                "isDehydrated": false,
              },
              "callbacks": null,
              "firstBaseUpdate": {
                "callback": null,
                "lane": 32,
                "next": null,
                "payload": {
                  "element": {
                    "$$typeof": Symbol(react.transitional.element),
                    "_owner": null,
                    "_store": {},
                    "key": null,
                    "props": {
                      "children": "Test",
                    },
                    "type": {
                      "$$typeof": Symbol(react.forward_ref),
                      "render": [Function],
                    },
                  },
                },
                "tag": 0,
              },
              "lastBaseUpdate": {
                "callback": null,
                "lane": 32,
                "next": null,
                "payload": {
                  "element": {
                    "$$typeof": Symbol(react.transitional.element),
                    "_owner": null,
                    "_store": {},
                    "key": null,
                    "props": {
                      "children": "Test",
                    },
                    "type": {
                      "$$typeof": Symbol(react.forward_ref),
                      "render": [Function],
                    },
                  },
                },
                "tag": 0,
              },
              "shared": {
                "hiddenCallbacks": null,
                "lanes": 0,
                "pending": null,
              },
            },
          },
          "child": [Circular],
          "childLanes": 0,
          "deletions": null,
          "dependencies": null,
          "elementType": null,
          "flags": 1024,
          "index": 0,
          "key": null,
          "lanes": 0,
          "memoizedProps": null,
          "memoizedState": {
            "cache": {
              "controller": AbortController {
                Symbol(SameObject caches): {
                  "signal": AbortSignal {},
                },
              },
              "data": Map {},
              "refCount": 1,
            },
            "element": {
              "$$typeof": Symbol(react.transitional.element),
              "_owner": null,
              "_store": {},
              "key": null,
              "props": {
                "children": "Test",
              },
              "type": {
                "$$typeof": Symbol(react.forward_ref),
                "render": [Function],
              },
            },
            "isDehydrated": false,
          },
          "mode": 3,
          "pendingProps": null,
          "ref": null,
          "refCleanup": null,
          "return": null,
          "selfBaseDuration": 0.8329169999999522,
          "sibling": null,
          "stateNode": FiberRootNode {
            "_debugRootType": "createRoot()",
            "callbackNode": null,
            "callbackPriority": 0,
            "cancelPendingCommit": null,
            "containerInfo": <div>
              [Circular]
            </div>,
            "context": {},
            "current": [Circular],
            "effectDuration": 0,
            "entangledLanes": 0,
            "entanglements": [
              0,
              0,
              0,
              0,
              0,
              0,
              0,
              0,
              0,
              0,
              0,
              0,
              0,
              0,
              0,
              0,
              0,
              0,
              0,
              0,
              0,
              0,
              0,
              0,
              0,
              0,
              0,
              0,
              0,
              0,
              0,
            ],
            "errorRecoveryDisabledLanes": 0,
            "expirationTimes": [
              -1,
              -1,
              -1,
              -1,
              -1,
              -1,
              -1,
              -1,
              -1,
              -1,
              -1,
              -1,
              -1,
              -1,
              -1,
              -1,
              -1,
              -1,
              -1,
              -1,
              -1,
              -1,
              -1,
              -1,
              -1,
              -1,
              -1,
              -1,
              -1,
              -1,
              -1,
            ],
            "expiredLanes": 0,
            "formState": null,
            "hiddenUpdates": [
              null,
              null,
              null,
              null,
              null,
              null,
              null,
              null,
              null,
              null,
              null,
              null,
              null,
              null,
              null,
              null,
              null,
              null,
              null,
              null,
              null,
              null,
              null,
              null,
              null,
              null,
              null,
              null,
              null,
              null,
              null,
            ],
            "identifierPrefix": "",
            "incompleteTransitions": Map {},
            "memoizedUpdaters": Set {},
            "next": null,
            "onCaughtError": [Function],
            "onRecoverableError": [Function],
            "onUncaughtError": [Function],
            "passiveEffectDuration": 0,
            "pendingChildren": null,
            "pendingContext": null,
            "pendingLanes": 0,
            "pendingUpdatersLaneMap": [
              Set {},
              Set {},
              Set {},
              Set {},
              Set {},
              Set {},
              Set {},
              Set {},
              Set {},
              Set {},
              Set {},
              Set {},
              Set {},
              Set {},
              Set {},
              Set {},
              Set {},
              Set {},
              Set {},
              Set {},
              Set {},
              Set {},
              Set {},
              Set {},
              Set {},
              Set {},
              Set {},
              Set {},
              Set {},
              Set {},
              Set {},
            ],
            "pingCache": null,
            "pingedLanes": 0,
            "pooledCache": null,
            "pooledCacheLanes": 0,
            "shellSuspendCounter": 0,
            "suspendedLanes": 0,
            "tag": 1,
            "timeoutHandle": -1,
            "warmLanes": 0,
          },
          "subtreeFlags": 71827975,
          "tag": 3,
          "treeBaseDuration": 1.8971659999997428,
          "type": null,
          "updateQueue": {
            "baseState": {
              "cache": {
                "controller": AbortController {
                  Symbol(SameObject caches): {
                    "signal": AbortSignal {},
                  },
                },
                "data": Map {},
                "refCount": 1,
              },
              "element": {
                "$$typeof": Symbol(react.transitional.element),
                "_owner": null,
                "_store": {},
                "key": null,
                "props": {
                  "children": "Test",
                },
                "type": {
                  "$$typeof": Symbol(react.forward_ref),
                  "render": [Function],
                },
              },
              "isDehydrated": false,
            },
            "callbacks": null,
            "firstBaseUpdate": null,
            "lastBaseUpdate": null,
            "shared": {
              "hiddenCallbacks": null,
              "lanes": 0,
              "pending": null,
            },
          },
        },
        "selfBaseDuration": 0.27424999999993815,
        "sibling": null,
        "stateNode": null,
        "subtreeFlags": 4719109,
        "tag": 11,
        "treeBaseDuration": 1.0642489999997906,
        "type": {
          "$$typeof": Symbol(react.forward_ref),
          "render": [Function],
        },
        "updateQueue": null,
      },
      "selfBaseDuration": 0.7399579999998878,
      "sibling": null,
      "stateNode": ReactComponent {
        "_reactInternalInstance": {},
        "_reactInternals": [Circular],
        "context": {
          "changeTab": [Function],
          "getIonRedirect": [Function],
          "getIonRoute": [Function],
          "getPageManager": [Function],
          "getStackManager": [Function],
          "goBack": [Function],
          "hasIonicRouter": [Function],
          "navigate": [Function],
          "resetTab": [Function],
          "routeInfo": undefined,
          "setCurrentTab": [Function],
        },
        "handleClick": [Function],
        "props": {
          "children": "Test",
          "forwardedRef": null,
        },
        "ref": {
          "current": [Circular],
        },
        "refs": {},
        "stableMergedRefs": [Function],
        "state": null,
        "updater": {
          "enqueueForceUpdate": [Function],
          "enqueueReplaceState": [Function],
          "enqueueSetState": [Function],
        },
      },
      "subtreeFlags": 4194816,
      "tag": 1,
      "treeBaseDuration": 0.7899989999998525,
      "type": [Function],
      "updateQueue": {
        "baseState": null,
        "callbacks": null,
        "firstBaseUpdate": null,
        "lastBaseUpdate": null,
        "shared": {
          "hiddenCallbacks": null,
          "lanes": 0,
          "pending": null,
        },
      },
    },
    "_debugStack": [Error: react-stack-top-frame],
    "_debugTask": null,
    "actualDuration": 2.1750409999999647,
    "actualStartTime": 1518.48525,
    "alternate": null,
    "child": null,
    "childLanes": 0,
    "deletions": null,
    "dependencies": null,
    "elementType": "ion-button",
    "flags": 4194816,
    "index": 0,
    "key": null,
    "lanes": 0,
    "memoizedProps": {
      "children": "Test",
      "onClick": [Function],
      "ref": [Function],
      "style": undefined,
    },
    "memoizedState": null,
    "mode": 3,
    "pendingProps": {
      "children": "Test",
      "onClick": [Function],
      "ref": [Function],
      "style": undefined,
    },
    "ref": [Function],
    "refCleanup": undefined,
    "return": FiberNode {
      "_debugHookTypes": null,
      "_debugInfo": null,
      "_debugNeedsRemount": false,
      "_debugOwner": FiberNode {
        "_debugHookTypes": null,
        "_debugInfo": null,
        "_debugNeedsRemount": false,
        "_debugOwner": null,
        "_debugStack": [Error: react-stack-top-frame],
        "_debugTask": null,
        "actualDuration": 3.1931660000000193,
        "actualStartTime": 1517.468541,
        "alternate": null,
        "child": [Circular],
        "childLanes": 0,
        "deletions": null,
        "dependencies": null,
        "elementType": {
          "$$typeof": Symbol(react.forward_ref),
          "render": [Function],
        },
        "flags": 67108865,
        "index": 0,
        "key": null,
        "lanes": 0,
        "memoizedProps": {
          "children": "Test",
        },
        "memoizedState": null,
        "mode": 3,
        "pendingProps": {
          "children": "Test",
        },
        "ref": null,
        "refCleanup": null,
        "return": FiberNode {
          "_debugHookTypes": null,
          "_debugInfo": null,
          "_debugNeedsRemount": false,
          "_debugOwner": null,
          "_debugStack": null,
          "_debugTask": null,
          "actualDuration": 4.04912400000012,
          "actualStartTime": 1516.633833,
          "alternate": FiberNode {
            "_debugHookTypes": null,
            "_debugInfo": null,
            "_debugNeedsRemount": false,
            "_debugOwner": null,
            "_debugStack": null,
            "_debugTask": null,
            "actualDuration": -0,
            "actualStartTime": -1.1,
            "alternate": [Circular],
            "child": null,
            "childLanes": 0,
            "deletions": null,
            "dependencies": null,
            "elementType": null,
            "flags": 0,
            "index": 0,
            "key": null,
            "lanes": 32,
            "memoizedProps": null,
            "memoizedState": {
              "cache": {
                "controller": AbortController {
                  Symbol(SameObject caches): {
                    "signal": AbortSignal {},
                  },
                },
                "data": Map {},
                "refCount": 1,
              },
              "element": null,
              "isDehydrated": false,
            },
            "mode": 3,
            "pendingProps": null,
            "ref": null,
            "refCleanup": null,
            "return": null,
            "selfBaseDuration": -0,
            "sibling": null,
            "stateNode": FiberRootNode {
              "_debugRootType": "createRoot()",
              "callbackNode": null,
              "callbackPriority": 0,
              "cancelPendingCommit": null,
              "containerInfo": <div>
                [Circular]
              </div>,
              "context": {},
              "current": [Circular],
              "effectDuration": 0,
              "entangledLanes": 0,
              "entanglements": [
                0,
                0,
                0,
                0,
                0,
                0,
                0,
                0,
                0,
                0,
                0,
                0,
                0,
                0,
                0,
                0,
                0,
                0,
                0,
                0,
                0,
                0,
                0,
                0,
                0,
                0,
                0,
                0,
                0,
                0,
                0,
              ],
              "errorRecoveryDisabledLanes": 0,
              "expirationTimes": [
                -1,
                -1,
                -1,
                -1,
                -1,
                -1,
                -1,
                -1,
                -1,
                -1,
                -1,
                -1,
                -1,
                -1,
                -1,
                -1,
                -1,
                -1,
                -1,
                -1,
                -1,
                -1,
                -1,
                -1,
                -1,
                -1,
                -1,
                -1,
                -1,
                -1,
                -1,
              ],
              "expiredLanes": 0,
              "formState": null,
              "hiddenUpdates": [
                null,
                null,
                null,
                null,
                null,
                null,
                null,
                null,
                null,
                null,
                null,
                null,
                null,
                null,
                null,
                null,
                null,
                null,
                null,
                null,
                null,
                null,
                null,
                null,
                null,
                null,
                null,
                null,
                null,
                null,
                null,
              ],
              "identifierPrefix": "",
              "incompleteTransitions": Map {},
              "memoizedUpdaters": Set {},
              "next": null,
              "onCaughtError": [Function],
              "onRecoverableError": [Function],
              "onUncaughtError": [Function],
              "passiveEffectDuration": 0,
              "pendingChildren": null,
              "pendingContext": null,
              "pendingLanes": 0,
              "pendingUpdatersLaneMap": [
                Set {},
                Set {},
                Set {},
                Set {},
                Set {},
                Set {},
                Set {},
                Set {},
                Set {},
                Set {},
                Set {},
                Set {},
                Set {},
                Set {},
                Set {},
                Set {},
                Set {},
                Set {},
                Set {},
                Set {},
                Set {},
                Set {},
                Set {},
                Set {},
                Set {},
                Set {},
                Set {},
                Set {},
                Set {},
                Set {},
                Set {},
              ],
              "pingCache": null,
              "pingedLanes": 0,
              "pooledCache": null,
              "pooledCacheLanes": 0,
              "shellSuspendCounter": 0,
              "suspendedLanes": 0,
              "tag": 1,
              "timeoutHandle": -1,
              "warmLanes": 0,
            },
            "subtreeFlags": 0,
            "tag": 3,
            "treeBaseDuration": -0,
            "type": null,
            "updateQueue": {
              "baseState": {
                "cache": {
                  "controller": AbortController {
                    Symbol(SameObject caches): {
                      "signal": AbortSignal {},
                    },
                  },
                  "data": Map {},
                  "refCount": 1,
                },
                "element": null,
                "isDehydrated": false,
              },
              "callbacks": null,
              "firstBaseUpdate": {
                "callback": null,
                "lane": 32,
                "next": null,
                "payload": {
                  "element": {
                    "$$typeof": Symbol(react.transitional.element),
                    "_owner": null,
                    "_store": {},
                    "key": null,
                    "props": {
                      "children": "Test",
                    },
                    "type": {
                      "$$typeof": Symbol(react.forward_ref),
                      "render": [Function],
                    },
                  },
                },
                "tag": 0,
              },
              "lastBaseUpdate": {
                "callback": null,
                "lane": 32,
                "next": null,
                "payload": {
                  "element": {
                    "$$typeof": Symbol(react.transitional.element),
                    "_owner": null,
                    "_store": {},
                    "key": null,
                    "props": {
                      "children": "Test",
                    },
                    "type": {
                      "$$typeof": Symbol(react.forward_ref),
                      "render": [Function],
                    },
                  },
                },
                "tag": 0,
              },
              "shared": {
                "hiddenCallbacks": null,
                "lanes": 0,
                "pending": null,
              },
            },
          },
          "child": [Circular],
          "childLanes": 0,
          "deletions": null,
          "dependencies": null,
          "elementType": null,
          "flags": 1024,
          "index": 0,
          "key": null,
          "lanes": 0,
          "memoizedProps": null,
          "memoizedState": {
            "cache": {
              "controller": AbortController {
                Symbol(SameObject caches): {
                  "signal": AbortSignal {},
                },
              },
              "data": Map {},
              "refCount": 1,
            },
            "element": {
              "$$typeof": Symbol(react.transitional.element),
              "_owner": null,
              "_store": {},
              "key": null,
              "props": {
                "children": "Test",
              },
              "type": {
                "$$typeof": Symbol(react.forward_ref),
                "render": [Function],
              },
            },
            "isDehydrated": false,
          },
          "mode": 3,
          "pendingProps": null,
          "ref": null,
          "refCleanup": null,
          "return": null,
          "selfBaseDuration": 0.8329169999999522,
          "sibling": null,
          "stateNode": FiberRootNode {
            "_debugRootType": "createRoot()",
            "callbackNode": null,
            "callbackPriority": 0,
            "cancelPendingCommit": null,
            "containerInfo": <div>
              [Circular]
            </div>,
            "context": {},
            "current": [Circular],
            "effectDuration": 0,
            "entangledLanes": 0,
            "entanglements": [
              0,
              0,
              0,
              0,
              0,
              0,
              0,
              0,
              0,
              0,
              0,
              0,
              0,
              0,
              0,
              0,
              0,
              0,
              0,
              0,
              0,
              0,
              0,
              0,
              0,
              0,
              0,
              0,
              0,
              0,
              0,
            ],
            "errorRecoveryDisabledLanes": 0,
            "expirationTimes": [
              -1,
              -1,
              -1,
              -1,
              -1,
              -1,
              -1,
              -1,
              -1,
              -1,
              -1,
              -1,
              -1,
              -1,
              -1,
              -1,
              -1,
              -1,
              -1,
              -1,
              -1,
              -1,
              -1,
              -1,
              -1,
              -1,
              -1,
              -1,
              -1,
              -1,
              -1,
            ],
            "expiredLanes": 0,
            "formState": null,
            "hiddenUpdates": [
              null,
              null,
              null,
              null,
              null,
              null,
              null,
              null,
              null,
              null,
              null,
              null,
              null,
              null,
              null,
              null,
              null,
              null,
              null,
              null,
              null,
              null,
              null,
              null,
              null,
              null,
              null,
              null,
              null,
              null,
              null,
            ],
            "identifierPrefix": "",
            "incompleteTransitions": Map {},
            "memoizedUpdaters": Set {},
            "next": null,
            "onCaughtError": [Function],
            "onRecoverableError": [Function],
            "onUncaughtError": [Function],
            "passiveEffectDuration": 0,
            "pendingChildren": null,
            "pendingContext": null,
            "pendingLanes": 0,
            "pendingUpdatersLaneMap": [
              Set {},
              Set {},
              Set {},
              Set {},
              Set {},
              Set {},
              Set {},
              Set {},
              Set {},
              Set {},
              Set {},
              Set {},
              Set {},
              Set {},
              Set {},
              Set {},
              Set {},
              Set {},
              Set {},
              Set {},
              Set {},
              Set {},
              Set {},
              Set {},
              Set {},
              Set {},
              Set {},
              Set {},
              Set {},
              Set {},
              Set {},
            ],
            "pingCache": null,
            "pingedLanes": 0,
            "pooledCache": null,
            "pooledCacheLanes": 0,
            "shellSuspendCounter": 0,
            "suspendedLanes": 0,
            "tag": 1,
            "timeoutHandle": -1,
            "warmLanes": 0,
          },
          "subtreeFlags": 71827975,
          "tag": 3,
          "treeBaseDuration": 1.8971659999997428,
          "type": null,
          "updateQueue": {
            "baseState": {
              "cache": {
                "controller": AbortController {
                  Symbol(SameObject caches): {
                    "signal": AbortSignal {},
                  },
                },
                "data": Map {},
                "refCount": 1,
              },
              "element": {
                "$$typeof": Symbol(react.transitional.element),
                "_owner": null,
                "_store": {},
                "key": null,
                "props": {
                  "children": "Test",
                },
                "type": {
                  "$$typeof": Symbol(react.forward_ref),
                  "render": [Function],
                },
              },
              "isDehydrated": false,
            },
            "callbacks": null,
            "firstBaseUpdate": null,
            "lastBaseUpdate": null,
            "shared": {
              "hiddenCallbacks": null,
              "lanes": 0,
              "pending": null,
            },
          },
        },
        "selfBaseDuration": 0.27424999999993815,
        "sibling": null,
        "stateNode": null,
        "subtreeFlags": 4719109,
        "tag": 11,
        "treeBaseDuration": 1.0642489999997906,
        "type": {
          "$$typeof": Symbol(react.forward_ref),
          "render": [Function],
        },
        "updateQueue": null,
      },
      "_debugStack": [Error: react-stack-top-frame],
      "_debugTask": null,
      "actualDuration": 2.9178329999999733,
      "actualStartTime": 1517.74375,
      "alternate": null,
      "child": [Circular],
      "childLanes": 0,
      "deletions": null,
      "dependencies": {
        "_debugThenableState": null,
        "firstContext": {
          "context": {
            "$$typeof": Symbol(react.context),
            "Consumer": {
              "$$typeof": Symbol(react.consumer),
              "_context": [Circular],
            },
            "Provider": [Circular],
            "_currentRenderer": null,
            "_currentRenderer2": null,
            "_currentValue": {
              "changeTab": [Function],
              "getIonRedirect": [Function],
              "getIonRoute": [Function],
              "getPageManager": [Function],
              "getStackManager": [Function],
              "goBack": [Function],
              "hasIonicRouter": [Function],
              "navigate": [Function],
              "resetTab": [Function],
              "routeInfo": undefined,
              "setCurrentTab": [Function],
            },
            "_currentValue2": {
              "changeTab": [Function],
              "getIonRedirect": [Function],
              "getIonRoute": [Function],
              "getPageManager": [Function],
              "getStackManager": [Function],
              "goBack": [Function],
              "hasIonicRouter": [Function],
              "navigate": [Function],
              "resetTab": [Function],
              "routeInfo": undefined,
              "setCurrentTab": [Function],
            },
            "_threadCount": 0,
          },
          "memoizedValue": {
            "changeTab": [Function],
            "getIonRedirect": [Function],
            "getIonRoute": [Function],
            "getPageManager": [Function],
            "getStackManager": [Function],
            "goBack": [Function],
            "hasIonicRouter": [Function],
            "navigate": [Function],
            "resetTab": [Function],
            "routeInfo": undefined,
            "setCurrentTab": [Function],
          },
          "next": {
            "context": {
              "$$typeof": Symbol(react.context),
              "Consumer": {
                "$$typeof": Symbol(react.consumer),
                "_context": [Circular],
              },
              "Provider": [Circular],
              "_currentRenderer": null,
              "_currentRenderer2": null,
              "_currentValue": {
                "changeTab": [Function],
                "getIonRedirect": [Function],
                "getIonRoute": [Function],
                "getPageManager": [Function],
                "getStackManager": [Function],
                "goBack": [Function],
                "hasIonicRouter": [Function],
                "navigate": [Function],
                "resetTab": [Function],
                "routeInfo": undefined,
                "setCurrentTab": [Function],
              },
              "_currentValue2": {
                "changeTab": [Function],
                "getIonRedirect": [Function],
                "getIonRoute": [Function],
                "getPageManager": [Function],
                "getStackManager": [Function],
                "goBack": [Function],
                "hasIonicRouter": [Function],
                "navigate": [Function],
                "resetTab": [Function],
                "routeInfo": undefined,
                "setCurrentTab": [Function],
              },
              "_threadCount": 0,
            },
            "memoizedValue": {
              "changeTab": [Function],
              "getIonRedirect": [Function],
              "getIonRoute": [Function],
              "getPageManager": [Function],
              "getStackManager": [Function],
              "goBack": [Function],
              "hasIonicRouter": [Function],
              "navigate": [Function],
              "resetTab": [Function],
              "routeInfo": undefined,
              "setCurrentTab": [Function],
            },
            "next": null,
          },
        },
        "lanes": 0,
      },
      "elementType": [Function],
      "flags": 4718597,
      "index": 0,
      "key": null,
      "lanes": 0,
      "memoizedProps": {
        "children": "Test",
        "forwardedRef": null,
      },
      "memoizedState": null,
      "mode": 3,
      "pendingProps": {
        "children": "Test",
        "forwardedRef": null,
      },
      "ref": null,
      "refCleanup": null,
      "return": FiberNode {
        "_debugHookTypes": null,
        "_debugInfo": null,
        "_debugNeedsRemount": false,
        "_debugOwner": null,
        "_debugStack": [Error: react-stack-top-frame],
        "_debugTask": null,
        "actualDuration": 3.1931660000000193,
        "actualStartTime": 1517.468541,
        "alternate": null,
        "child": [Circular],
        "childLanes": 0,
        "deletions": null,
        "dependencies": null,
        "elementType": {
          "$$typeof": Symbol(react.forward_ref),
          "render": [Function],
        },
        "flags": 67108865,
        "index": 0,
        "key": null,
        "lanes": 0,
        "memoizedProps": {
          "children": "Test",
        },
        "memoizedState": null,
        "mode": 3,
        "pendingProps": {
          "children": "Test",
        },
        "ref": null,
        "refCleanup": null,
        "return": FiberNode {
          "_debugHookTypes": null,
          "_debugInfo": null,
          "_debugNeedsRemount": false,
          "_debugOwner": null,
          "_debugStack": null,
          "_debugTask": null,
          "actualDuration": 4.04912400000012,
          "actualStartTime": 1516.633833,
          "alternate": FiberNode {
            "_debugHookTypes": null,
            "_debugInfo": null,
            "_debugNeedsRemount": false,
            "_debugOwner": null,
            "_debugStack": null,
            "_debugTask": null,
            "actualDuration": -0,
            "actualStartTime": -1.1,
            "alternate": [Circular],
            "child": null,
            "childLanes": 0,
            "deletions": null,
            "dependencies": null,
            "elementType": null,
            "flags": 0,
            "index": 0,
            "key": null,
            "lanes": 32,
            "memoizedProps": null,
            "memoizedState": {
              "cache": {
                "controller": AbortController {
                  Symbol(SameObject caches): {
                    "signal": AbortSignal {},
                  },
                },
                "data": Map {},
                "refCount": 1,
              },
              "element": null,
              "isDehydrated": false,
            },
            "mode": 3,
            "pendingProps": null,
            "ref": null,
            "refCleanup": null,
            "return": null,
            "selfBaseDuration": -0,
            "sibling": null,
            "stateNode": FiberRootNode {
              "_debugRootType": "createRoot()",
              "callbackNode": null,
              "callbackPriority": 0,
              "cancelPendingCommit": null,
              "containerInfo": <div>
                [Circular]
              </div>,
              "context": {},
              "current": [Circular],
              "effectDuration": 0,
              "entangledLanes": 0,
              "entanglements": [
                0,
                0,
                0,
                0,
                0,
                0,
                0,
                0,
                0,
                0,
                0,
                0,
                0,
                0,
                0,
                0,
                0,
                0,
                0,
                0,
                0,
                0,
                0,
                0,
                0,
                0,
                0,
                0,
                0,
                0,
                0,
              ],
              "errorRecoveryDisabledLanes": 0,
              "expirationTimes": [
                -1,
                -1,
                -1,
                -1,
                -1,
                -1,
                -1,
                -1,
                -1,
                -1,
                -1,
                -1,
                -1,
                -1,
                -1,
                -1,
                -1,
                -1,
                -1,
                -1,
                -1,
                -1,
                -1,
                -1,
                -1,
                -1,
                -1,
                -1,
                -1,
                -1,
                -1,
              ],
              "expiredLanes": 0,
              "formState": null,
              "hiddenUpdates": [
                null,
                null,
                null,
                null,
                null,
                null,
                null,
                null,
                null,
                null,
                null,
                null,
                null,
                null,
                null,
                null,
                null,
                null,
                null,
                null,
                null,
                null,
                null,
                null,
                null,
                null,
                null,
                null,
                null,
                null,
                null,
              ],
              "identifierPrefix": "",
              "incompleteTransitions": Map {},
              "memoizedUpdaters": Set {},
              "next": null,
              "onCaughtError": [Function],
              "onRecoverableError": [Function],
              "onUncaughtError": [Function],
              "passiveEffectDuration": 0,
              "pendingChildren": null,
              "pendingContext": null,
              "pendingLanes": 0,
              "pendingUpdatersLaneMap": [
                Set {},
                Set {},
                Set {},
                Set {},
                Set {},
                Set {},
                Set {},
                Set {},
                Set {},
                Set {},
                Set {},
                Set {},
                Set {},
                Set {},
                Set {},
                Set {},
                Set {},
                Set {},
                Set {},
                Set {},
                Set {},
                Set {},
                Set {},
                Set {},
                Set {},
                Set {},
                Set {},
                Set {},
                Set {},
                Set {},
                Set {},
              ],
              "pingCache": null,
              "pingedLanes": 0,
              "pooledCache": null,
              "pooledCacheLanes": 0,
              "shellSuspendCounter": 0,
              "suspendedLanes": 0,
              "tag": 1,
              "timeoutHandle": -1,
              "warmLanes": 0,
            },
            "subtreeFlags": 0,
            "tag": 3,
            "treeBaseDuration": -0,
            "type": null,
            "updateQueue": {
              "baseState": {
                "cache": {
                  "controller": AbortController {
                    Symbol(SameObject caches): {
                      "signal": AbortSignal {},
                    },
                  },
                  "data": Map {},
                  "refCount": 1,
                },
                "element": null,
                "isDehydrated": false,
              },
              "callbacks": null,
              "firstBaseUpdate": {
                "callback": null,
                "lane": 32,
                "next": null,
                "payload": {
                  "element": {
                    "$$typeof": Symbol(react.transitional.element),
                    "_owner": null,
                    "_store": {},
                    "key": null,
                    "props": {
                      "children": "Test",
                    },
                    "type": {
                      "$$typeof": Symbol(react.forward_ref),
                      "render": [Function],
                    },
                  },
                },
                "tag": 0,
              },
              "lastBaseUpdate": {
                "callback": null,
                "lane": 32,
                "next": null,
                "payload": {
                  "element": {
                    "$$typeof": Symbol(react.transitional.element),
                    "_owner": null,
                    "_store": {},
                    "key": null,
                    "props": {
                      "children": "Test",
                    },
                    "type": {
                      "$$typeof": Symbol(react.forward_ref),
                      "render": [Function],
                    },
                  },
                },
                "tag": 0,
              },
              "shared": {
                "hiddenCallbacks": null,
                "lanes": 0,
                "pending": null,
              },
            },
          },
          "child": [Circular],
          "childLanes": 0,
          "deletions": null,
          "dependencies": null,
          "elementType": null,
          "flags": 1024,
          "index": 0,
          "key": null,
          "lanes": 0,
          "memoizedProps": null,
          "memoizedState": {
            "cache": {
              "controller": AbortController {
                Symbol(SameObject caches): {
                  "signal": AbortSignal {},
                },
              },
              "data": Map {},
              "refCount": 1,
            },
            "element": {
              "$$typeof": Symbol(react.transitional.element),
              "_owner": null,
              "_store": {},
              "key": null,
              "props": {
                "children": "Test",
              },
              "type": {
                "$$typeof": Symbol(react.forward_ref),
                "render": [Function],
              },
            },
            "isDehydrated": false,
          },
          "mode": 3,
          "pendingProps": null,
          "ref": null,
          "refCleanup": null,
          "return": null,
          "selfBaseDuration": 0.8329169999999522,
          "sibling": null,
          "stateNode": FiberRootNode {
            "_debugRootType": "createRoot()",
            "callbackNode": null,
            "callbackPriority": 0,
            "cancelPendingCommit": null,
            "containerInfo": <div>
              [Circular]
            </div>,
            "context": {},
            "current": [Circular],
            "effectDuration": 0,
            "entangledLanes": 0,
            "entanglements": [
              0,
              0,
              0,
              0,
              0,
              0,
              0,
              0,
              0,
              0,
              0,
              0,
              0,
              0,
              0,
              0,
              0,
              0,
              0,
              0,
              0,
              0,
              0,
              0,
              0,
              0,
              0,
              0,
              0,
              0,
              0,
            ],
            "errorRecoveryDisabledLanes": 0,
            "expirationTimes": [
              -1,
              -1,
              -1,
              -1,
              -1,
              -1,
              -1,
              -1,
              -1,
              -1,
              -1,
              -1,
              -1,
              -1,
              -1,
              -1,
              -1,
              -1,
              -1,
              -1,
              -1,
              -1,
              -1,
              -1,
              -1,
              -1,
              -1,
              -1,
              -1,
              -1,
              -1,
            ],
            "expiredLanes": 0,
            "formState": null,
            "hiddenUpdates": [
              null,
              null,
              null,
              null,
              null,
              null,
              null,
              null,
              null,
              null,
              null,
              null,
              null,
              null,
              null,
              null,
              null,
              null,
              null,
              null,
              null,
              null,
              null,
              null,
              null,
              null,
              null,
              null,
              null,
              null,
              null,
            ],
            "identifierPrefix": "",
            "incompleteTransitions": Map {},
            "memoizedUpdaters": Set {},
            "next": null,
            "onCaughtError": [Function],
            "onRecoverableError": [Function],
            "onUncaughtError": [Function],
            "passiveEffectDuration": 0,
            "pendingChildren": null,
            "pendingContext": null,
            "pendingLanes": 0,
            "pendingUpdatersLaneMap": [
              Set {},
              Set {},
              Set {},
              Set {},
              Set {},
              Set {},
              Set {},
              Set {},
              Set {},
              Set {},
              Set {},
              Set {},
              Set {},
              Set {},
              Set {},
              Set {},
              Set {},
              Set {},
              Set {},
              Set {},
              Set {},
              Set {},
              Set {},
              Set {},
              Set {},
              Set {},
              Set {},
              Set {},
              Set {},
              Set {},
              Set {},
            ],
            "pingCache": null,
            "pingedLanes": 0,
            "pooledCache": null,
            "pooledCacheLanes": 0,
            "shellSuspendCounter": 0,
            "suspendedLanes": 0,
            "tag": 1,
            "timeoutHandle": -1,
            "warmLanes": 0,
          },
          "subtreeFlags": 71827975,
          "tag": 3,
          "treeBaseDuration": 1.8971659999997428,
          "type": null,
          "updateQueue": {
            "baseState": {
              "cache": {
                "controller": AbortController {
                  Symbol(SameObject caches): {
                    "signal": AbortSignal {},
                  },
                },
                "data": Map {},
                "refCount": 1,
              },
              "element": {
                "$$typeof": Symbol(react.transitional.element),
                "_owner": null,
                "_store": {},
                "key": null,
                "props": {
                  "children": "Test",
                },
                "type": {
                  "$$typeof": Symbol(react.forward_ref),
                  "render": [Function],
                },
              },
              "isDehydrated": false,
            },
            "callbacks": null,
            "firstBaseUpdate": null,
            "lastBaseUpdate": null,
            "shared": {
              "hiddenCallbacks": null,
              "lanes": 0,
              "pending": null,
            },
          },
        },
        "selfBaseDuration": 0.27424999999993815,
        "sibling": null,
        "stateNode": null,
        "subtreeFlags": 4719109,
        "tag": 11,
        "treeBaseDuration": 1.0642489999997906,
        "type": {
          "$$typeof": Symbol(react.forward_ref),
          "render": [Function],
        },
        "updateQueue": null,
      },
      "selfBaseDuration": 0.7399579999998878,
      "sibling": null,
      "stateNode": ReactComponent {
        "_reactInternalInstance": {},
        "_reactInternals": [Circular],
        "context": {
          "changeTab": [Function],
          "getIonRedirect": [Function],
          "getIonRoute": [Function],
          "getPageManager": [Function],
          "getStackManager": [Function],
          "goBack": [Function],
          "hasIonicRouter": [Function],
          "navigate": [Function],
          "resetTab": [Function],
          "routeInfo": undefined,
          "setCurrentTab": [Function],
        },
        "handleClick": [Function],
        "props": {
          "children": "Test",
          "forwardedRef": null,
        },
        "ref": {
          "current": [Circular],
        },
        "refs": {},
        "stableMergedRefs": [Function],
        "state": null,
        "updater": {
          "enqueueForceUpdate": [Function],
          "enqueueReplaceState": [Function],
          "enqueueSetState": [Function],
        },
      },
      "subtreeFlags": 4194816,
      "tag": 1,
      "treeBaseDuration": 0.7899989999998525,
      "type": [Function],
      "updateQueue": {
        "baseState": null,
        "callbacks": null,
        "firstBaseUpdate": null,
        "lastBaseUpdate": null,
        "shared": {
          "hiddenCallbacks": null,
          "lanes": 0,
          "pending": null,
        },
      },
    },
    "selfBaseDuration": 0.0500409999999647,
    "sibling": null,
    "stateNode": [Circular],
    "subtreeFlags": 0,
    "tag": 5,
    "treeBaseDuration": 0.0500409999999647,
    "type": "ion-button",
    "updateQueue": null,
  },
  "__reactProps$ipvb39olvx": {
    "children": "Test",
    "onClick": [Function],
    "ref": [Function],
    "style": undefined,
  },
  "__stencil__getHostRef": [Function],
  "formButtonEl": null,
  "formEl": null,
  "handleClick": [Function],
  "inItem": false,
  "inListHeader": false,
  "inToolbar": false,
  "inheritedAttributes": {},
  "ionBlur": {
    "emit": [Function],
  },
  "ionFocus": {
    "emit": [Function],
  },
  "onBlur": [Function],
  "onFocus": [Function],
  "s-p": [],
  "s-rc": [],
  "slotChanged": [Function],
  Symbol(SameObject caches): {
    "classList": DOMTokenList {},
  },
}
`;
